2026-08-20 [23:29:03] [INFO ] ==============================================================
2026-08-20 [23:29:03] [INFO ] PENDIENTE DE DESPACHO  ·  2026-08-20
2026-08-20 [23:29:03] [INFO ] ==============================================================
2026-08-20 [23:29:08] [INFO ] Correos leidos: 75 archivos, 32,259 guias
2026-08-20 [23:29:11] [INFO ] Maestro: 29,465 articulos (Maestro_Articulos.xlsx)
2026-08-20 [23:29:13] [INFO ] 
2026-08-20 [23:29:13] [INFO ]    pedidos          1,594
2026-08-20 [23:29:13] [INFO ]    tiendas          247
2026-08-20 [23:29:13] [INFO ]    articulos        2,584
2026-08-20 [23:29:13] [INFO ]    POR ATENDER      39,106 unidades
2026-08-20 [23:29:13] [INFO ] 
2026-08-20 [23:29:13] [INFO ]    el WMS abre      2,302 ordenes / 139,531 unidades
2026-08-20 [23:29:13] [INFO ]    comercial mando  1,594 ordenes / 39,106 unidades
2026-08-20 [23:29:13] [INFO ]    nunca libero     708 ordenes / 100,425 unidades  <- queda fuera
2026-08-20 [23:29:13] [INFO ] 
2026-08-20 [23:29:13] [INFO ] MODO PROBAR: no se publica nada ni se sube ningun archivo.
2026-08-20 [23:36:37] [INFO ] Correos leidos: 75 archivos, 32,259 guias
2026-08-20 [23:36:40] [INFO ] Maestro: 29,465 articulos (Maestro_Articulos.xlsx)
2026-08-20 [23:42:56] [INFO ] ==============================================================
2026-08-20 [23:42:56] [INFO ] PENDIENTE DE DESPACHO  ·  2026-08-20
2026-08-20 [23:42:56] [INFO ] ==============================================================
2026-08-20 [23:43:00] [INFO ] Correos leidos: 75 archivos, 32,259 guias
2026-08-20 [23:43:04] [INFO ] Maestro: 29,465 articulos (Maestro_Articulos.xlsx)
2026-08-20 [23:43:05] [INFO ] 
2026-08-20 [23:43:05] [INFO ]    pedidos          1,594
2026-08-20 [23:43:05] [INFO ]    tiendas          247
2026-08-20 [23:43:05] [INFO ]    articulos        2,584
2026-08-20 [23:43:05] [INFO ]    POR ATENDER      39,106 unidades
2026-08-20 [23:43:05] [INFO ] 
2026-08-20 [23:43:05] [INFO ]    el WMS abre      2,302 ordenes / 139,531 unidades
2026-08-20 [23:43:05] [INFO ]    comercial mando  1,594 ordenes / 39,106 unidades
2026-08-20 [23:43:05] [INFO ]    nunca libero     708 ordenes / 100,425 unidades  <- queda fuera
2026-08-20 [23:43:14] [INFO ] Publicado en la plataforma: 13.7 KB
2026-08-20 [23:43:15] [INFO ] Excel subido a Descargas: Pendiente 20-08-26.xlsx (135 KB)
2026-08-20 [23:43:15] [INFO ] 
2026-08-20 [23:43:15] [INFO ] LISTO · datos OK · excel OK
2026-08-20 [23:48:05] [INFO ] ==============================================================
2026-08-20 [23:48:05] [INFO ] PENDIENTE DE DESPACHO  ·  2026-08-20
2026-08-20 [23:48:05] [INFO ] ==============================================================
2026-08-20 [23:48:12] [INFO ] Correos leidos: 75 archivos, 32,259 guias
2026-08-20 [23:48:16] [INFO ] Maestro: 29,465 articulos (Maestro_Articulos.xlsx)
2026-08-20 [23:48:17] [INFO ] 
2026-08-20 [23:48:17] [INFO ]    pedidos          1,594
2026-08-20 [23:48:17] [INFO ]    tiendas          247
2026-08-20 [23:48:17] [INFO ]    articulos        2,584
2026-08-20 [23:48:17] [INFO ]    POR ATENDER      39,106 unidades
2026-08-20 [23:48:17] [INFO ] 
2026-08-20 [23:48:17] [INFO ]    el WMS abre      2,302 ordenes / 139,531 unidades
2026-08-20 [23:48:17] [INFO ]    comercial mando  1,594 ordenes / 39,106 unidades
2026-08-20 [23:48:17] [INFO ]    nunca libero     708 ordenes / 100,425 unidades  <- queda fuera
2026-08-20 [23:48:27] [INFO ] Publicado en la plataforma: 13.7 KB
2026-08-20 [23:48:34] [INFO ] Excel subido a Descargas: Pendiente 20-08-26.xlsx (135 KB), quedan 1 guardados
2026-08-20 [23:48:34] [INFO ] 
2026-08-20 [23:48:34] [INFO ] LISTO · datos OK · excel OK
